[0m00:17:29.614716 [debug] [MainThread]: Sending event: {'category': 'dbt', 'action': 'invocation', 'label': 'start', 'context': [<snowplow_tracker.self_describing_json.SelfDescribingJson object at 0x00000233BDBD81A0>, <snowplow_tracker.self_describing_json.SelfDescribingJson object at 0x00000233BEA6BED0>, <snowplow_tracker.self_describing_json.SelfDescribingJson object at 0x00000233BEA6BB10>]}


============================== 00:17:29.639914 | 78249afa-98eb-48d0-ad32-0ec76f19a34d ==============================
[0m00:17:29.639914 [info ] [MainThread]: Running with dbt=1.11.9
[0m00:17:29.642116 [debug] [MainThread]: running dbt with arguments {'version_check': 'True', 'no_print': 'None', 'static_parser': 'True', 'target_path': 'None', 'warn_error_options': 'WarnErrorOptionsV2(error=[], warn=[], silence=[])', 'printer_width': '80', 'write_json': 'True', 'introspect': 'True', 'log_cache_events': 'False', 'empty': 'None', 'cache_selected_only': 'False', 'log_format': 'default', 'debug': 'False', 'fail_fast': 'False', 'profiles_dir': 'C:\\Users\\Dario\\Desktop\\dbt_trainings\\github_repositories\\dbt-student-repo-copy', 'send_anonymous_usage_stats': 'True', 'quiet': 'False', 'warn_error': 'None', 'partial_parse': 'True', 'invocation_command': 'dbt init --skip-profile-setup airbnb', 'indirect_selection': 'eager', 'use_colors': 'True', 'use_experimental_parser': 'False', 'log_path': 'logs'}
[0m00:17:30.068165 [debug] [MainThread]: Starter project path: C:\Users\Dario\Desktop\dbt_trainings\github_repositories\dbt-student-repo-copy\.venv\Lib\site-packages\dbt\include\starter_project
[0m00:17:30.121179 [info ] [MainThread]: 
Your new dbt project "airbnb" was created!

For more information on how to configure the profiles.yml file,
please consult the dbt documentation here:

  https://docs.getdbt.com/docs/configure-your-profile

One more thing:

Need help? Don't hesitate to reach out to us via GitHub issues or on Slack:

  https://community.getdbt.com/

Happy modeling!

[0m00:17:30.124888 [debug] [MainThread]: Command `dbt init` succeeded at 00:17:30.124516 after 1.01 seconds
[0m00:17:30.126610 [debug] [MainThread]: Sending event: {'category': 'dbt', 'action': 'invocation', 'label': 'end', 'context': [<snowplow_tracker.self_describing_json.SelfDescribingJson object at 0x00000233BFA5E8B0>, <snowplow_tracker.self_describing_json.SelfDescribingJson object at 0x00000233BFB34710>, <snowplow_tracker.self_describing_json.SelfDescribingJson object at 0x00000233BE913130>]}
[0m00:17:30.127548 [debug] [MainThread]: Flushing usage events
[0m00:17:32.575978 [debug] [MainThread]: An error was encountered while trying to flush usage events
[0m17:46:55.997270 [debug] [MainThread]: Sending event: {'category': 'dbt', 'action': 'invocation', 'label': 'start', 'context': [<snowplow_tracker.self_describing_json.SelfDescribingJson object at 0x000002AB23F481A0>, <snowplow_tracker.self_describing_json.SelfDescribingJson object at 0x000002AB24DDBED0>, <snowplow_tracker.self_describing_json.SelfDescribingJson object at 0x000002AB24DDBB10>]}


============================== 17:46:56.023092 | 6d9f5a5a-e829-4c54-8b7d-33cd8030ece8 ==============================
[0m17:46:56.023092 [info ] [MainThread]: Running with dbt=1.11.9
[0m17:46:56.025911 [debug] [MainThread]: running dbt with arguments {'static_parser': 'True', 'no_print': 'None', 'version_check': 'True', 'target_path': 'None', 'warn_error_options': 'WarnErrorOptionsV2(error=[], warn=[], silence=[])', 'printer_width': '80', 'write_json': 'True', 'introspect': 'True', 'log_cache_events': 'False', 'empty': 'None', 'cache_selected_only': 'False', 'fail_fast': 'False', 'debug': 'False', 'log_format': 'default', 'profiles_dir': 'C:\\Users\\Dario\\.dbt', 'send_anonymous_usage_stats': 'True', 'quiet': 'False', 'warn_error': 'None', 'partial_parse': 'True', 'use_colors': 'True', 'indirect_selection': 'eager', 'invocation_command': 'dbt debug', 'use_experimental_parser': 'False', 'log_path': 'logs'}
[0m17:46:56.138777 [info ] [MainThread]: dbt version: 1.11.9
[0m17:46:56.139820 [info ] [MainThread]: python version: 3.13.13
[0m17:46:56.140797 [info ] [MainThread]: python path: C:\Users\Dario\Desktop\dbt_trainings\github_repositories\dbt-student-repo-copy\.venv\Scripts\python.exe
[0m17:46:56.141752 [info ] [MainThread]: os info: Windows-11-10.0.22621-SP0
[0m17:46:56.142773 [info ] [MainThread]: Using profiles dir at C:\Users\Dario\.dbt
[0m17:46:56.143702 [info ] [MainThread]: Using profiles.yml file at C:\Users\Dario\.dbt\profiles.yml
[0m17:46:56.144611 [info ] [MainThread]: Using dbt_project.yml file at C:\Users\Dario\Desktop\dbt_trainings\github_repositories\dbt-student-repo-copy\dbt_project.yml
[0m17:46:56.145560 [info ] [MainThread]: Configuration:
[0m17:46:56.146656 [info ] [MainThread]:   profiles.yml file [[31mERROR not found[0m]
[0m17:46:56.147894 [info ] [MainThread]:   dbt_project.yml file [[31mERROR not found[0m]
[0m17:46:56.148993 [info ] [MainThread]: Required dependencies:
[0m17:46:56.150118 [debug] [MainThread]: Executing "git --help"
[0m17:46:56.382209 [debug] [MainThread]: STDOUT: "b"usage: git [-v | --version] [-h | --help] [-C <path>] [-c <name>=<value>]\n           [--exec-path[=<path>]] [--html-path] [--man-path] [--info-path]\n           [-p | --paginate | -P | --no-pager] [--no-replace-objects] [--no-lazy-fetch]\n           [--no-optional-locks] [--no-advice] [--bare] [--git-dir=<path>]\n           [--work-tree=<path>] [--namespace=<name>] [--config-env=<name>=<envvar>]\n           <command> [<args>]\n\nThese are common Git commands used in various situations:\n\nstart a working area (see also: git help tutorial)\n   clone      Clone a repository into a new directory\n   init       Create an empty Git repository or reinitialize an existing one\n\nwork on the current change (see also: git help everyday)\n   add        Add file contents to the index\n   mv         Move or rename a file, a directory, or a symlink\n   restore    Restore working tree files\n   rm         Remove files from the working tree and from the index\n\nexamine the history and state (see also: git help revisions)\n   bisect     Use binary search to find the commit that introduced a bug\n   diff       Show changes between commits, commit and working tree, etc\n   grep       Print lines matching a pattern\n   log        Show commit logs\n   show       Show various types of objects\n   status     Show the working tree status\n\ngrow, mark and tweak your common history\n   backfill   Download missing objects in a partial clone\n   branch     List, create, or delete branches\n   commit     Record changes to the repository\n   merge      Join two or more development histories together\n   rebase     Reapply commits on top of another base tip\n   reset      Reset current HEAD to the specified state\n   switch     Switch branches\n   tag        Create, list, delete or verify a tag object signed with GPG\n\ncollaborate (see also: git help workflows)\n   fetch      Download objects and refs from another repository\n   pull       Fetch from and integrate with another repository or a local branch\n   push       Update remote refs along with associated objects\n\n'git help -a' and 'git help -g' list available subcommands and some\nconcept guides. See 'git help <command>' or 'git help <concept>'\nto read about a specific subcommand or concept.\nSee 'git help git' for an overview of the system.\n""
[0m17:46:56.383309 [debug] [MainThread]: STDERR: "b''"
[0m17:46:56.384202 [info ] [MainThread]:  - git [[32mOK found[0m]

[0m17:46:56.385317 [info ] [MainThread]: Connection test skipped since no profile was found
[0m17:46:56.386504 [info ] [MainThread]: [31m2 checks failed:[0m
[0m17:46:56.387594 [info ] [MainThread]: dbt looked for a profiles.yml file in C:\Users\Dario\.dbt\profiles.yml, but did
not find one. For more information on configuring your profile, consult the
documentation:

https://docs.getdbt.com/docs/configure-your-profile


[0m17:46:56.388662 [info ] [MainThread]: Project loading failed for the following reason:
 project path <C:\Users\Dario\Desktop\dbt_trainings\github_repositories\dbt-student-repo-copy\dbt_project.yml> not found

[0m17:46:56.392718 [debug] [MainThread]: Command `dbt debug` failed at 17:46:56.392219 after 0.89 seconds
[0m17:46:56.394190 [debug] [MainThread]: Sending event: {'category': 'dbt', 'action': 'invocation', 'label': 'end', 'context': [<snowplow_tracker.self_describing_json.SelfDescribingJson object at 0x000002AB25DCF5C0>, <snowplow_tracker.self_describing_json.SelfDescribingJson object at 0x000002AB25E4C170>, <snowplow_tracker.self_describing_json.SelfDescribingJson object at 0x000002AB24C839B0>]}
[0m17:46:56.395735 [debug] [MainThread]: Flushing usage events
[0m17:46:58.315745 [debug] [MainThread]: An error was encountered while trying to flush usage events
[0m17:51:07.112719 [debug] [MainThread]: Sending event: {'category': 'dbt', 'action': 'invocation', 'label': 'start', 'context': [<snowplow_tracker.self_describing_json.SelfDescribingJson object at 0x000001DA12F981A0>, <snowplow_tracker.self_describing_json.SelfDescribingJson object at 0x000001DA13E2BED0>, <snowplow_tracker.self_describing_json.SelfDescribingJson object at 0x000001DA13E2BB10>]}


============================== 17:51:07.122023 | 3fee4851-5bdb-4713-b263-1b541f3935ac ==============================
[0m17:51:07.122023 [info ] [MainThread]: Running with dbt=1.11.9
[0m17:51:07.124342 [debug] [MainThread]: running dbt with arguments {'static_parser': 'True', 'no_print': 'None', 'version_check': 'True', 'warn_error_options': 'WarnErrorOptionsV2(error=[], warn=[], silence=[])', 'target_path': 'None', 'printer_width': '80', 'write_json': 'True', 'empty': 'None', 'log_cache_events': 'False', 'introspect': 'True', 'cache_selected_only': 'False', 'fail_fast': 'False', 'debug': 'False', 'log_format': 'default', 'partial_parse': 'True', 'send_anonymous_usage_stats': 'True', 'quiet': 'False', 'warn_error': 'None', 'profiles_dir': 'C:\\Users\\Dario\\.dbt', 'use_colors': 'True', 'invocation_command': 'dbt debug', 'indirect_selection': 'eager', 'use_experimental_parser': 'False', 'log_path': 'logs'}
[0m17:51:07.195095 [info ] [MainThread]: dbt version: 1.11.9
[0m17:51:07.196407 [info ] [MainThread]: python version: 3.13.13
[0m17:51:07.197608 [info ] [MainThread]: python path: C:\Users\Dario\Desktop\dbt_trainings\github_repositories\dbt-student-repo-copy\.venv\Scripts\python.exe
[0m17:51:07.198753 [info ] [MainThread]: os info: Windows-11-10.0.22621-SP0
[0m17:51:07.199996 [info ] [MainThread]: Using profiles dir at C:\Users\Dario\.dbt
[0m17:51:07.201142 [info ] [MainThread]: Using profiles.yml file at C:\Users\Dario\.dbt\profiles.yml
[0m17:51:07.202316 [info ] [MainThread]: Using dbt_project.yml file at C:\Users\Dario\Desktop\dbt_trainings\github_repositories\dbt-student-repo-copy\dbt_project.yml
[0m17:51:07.203723 [info ] [MainThread]: Configuration:
[0m17:51:07.205315 [info ] [MainThread]:   profiles.yml file [[31mERROR not found[0m]
[0m17:51:07.206764 [info ] [MainThread]:   dbt_project.yml file [[31mERROR not found[0m]
[0m17:51:07.208218 [info ] [MainThread]: Required dependencies:
[0m17:51:07.209536 [debug] [MainThread]: Executing "git --help"
[0m17:51:07.410949 [debug] [MainThread]: STDOUT: "b"usage: git [-v | --version] [-h | --help] [-C <path>] [-c <name>=<value>]\n           [--exec-path[=<path>]] [--html-path] [--man-path] [--info-path]\n           [-p | --paginate | -P | --no-pager] [--no-replace-objects] [--no-lazy-fetch]\n           [--no-optional-locks] [--no-advice] [--bare] [--git-dir=<path>]\n           [--work-tree=<path>] [--namespace=<name>] [--config-env=<name>=<envvar>]\n           <command> [<args>]\n\nThese are common Git commands used in various situations:\n\nstart a working area (see also: git help tutorial)\n   clone      Clone a repository into a new directory\n   init       Create an empty Git repository or reinitialize an existing one\n\nwork on the current change (see also: git help everyday)\n   add        Add file contents to the index\n   mv         Move or rename a file, a directory, or a symlink\n   restore    Restore working tree files\n   rm         Remove files from the working tree and from the index\n\nexamine the history and state (see also: git help revisions)\n   bisect     Use binary search to find the commit that introduced a bug\n   diff       Show changes between commits, commit and working tree, etc\n   grep       Print lines matching a pattern\n   log        Show commit logs\n   show       Show various types of objects\n   status     Show the working tree status\n\ngrow, mark and tweak your common history\n   backfill   Download missing objects in a partial clone\n   branch     List, create, or delete branches\n   commit     Record changes to the repository\n   merge      Join two or more development histories together\n   rebase     Reapply commits on top of another base tip\n   reset      Reset current HEAD to the specified state\n   switch     Switch branches\n   tag        Create, list, delete or verify a tag object signed with GPG\n\ncollaborate (see also: git help workflows)\n   fetch      Download objects and refs from another repository\n   pull       Fetch from and integrate with another repository or a local branch\n   push       Update remote refs along with associated objects\n\n'git help -a' and 'git help -g' list available subcommands and some\nconcept guides. See 'git help <command>' or 'git help <concept>'\nto read about a specific subcommand or concept.\nSee 'git help git' for an overview of the system.\n""
[0m17:51:07.412037 [debug] [MainThread]: STDERR: "b''"
[0m17:51:07.412882 [info ] [MainThread]:  - git [[32mOK found[0m]

[0m17:51:07.413952 [info ] [MainThread]: Connection test skipped since no profile was found
[0m17:51:07.415015 [info ] [MainThread]: [31m2 checks failed:[0m
[0m17:51:07.416130 [info ] [MainThread]: dbt looked for a profiles.yml file in C:\Users\Dario\.dbt\profiles.yml, but did
not find one. For more information on configuring your profile, consult the
documentation:

https://docs.getdbt.com/docs/configure-your-profile


[0m17:51:07.417243 [info ] [MainThread]: Project loading failed for the following reason:
 project path <C:\Users\Dario\Desktop\dbt_trainings\github_repositories\dbt-student-repo-copy\dbt_project.yml> not found

[0m17:51:07.420169 [debug] [MainThread]: Command `dbt debug` failed at 17:51:07.419854 after 0.77 seconds
[0m17:51:07.421174 [debug] [MainThread]: Sending event: {'category': 'dbt', 'action': 'invocation', 'label': 'end', 'context': [<snowplow_tracker.self_describing_json.SelfDescribingJson object at 0x000001DA14E1F5C0>, <snowplow_tracker.self_describing_json.SelfDescribingJson object at 0x000001DA14E9C170>, <snowplow_tracker.self_describing_json.SelfDescribingJson object at 0x000001DA13CD39B0>]}
[0m17:51:07.422195 [debug] [MainThread]: Flushing usage events
[0m17:51:09.205751 [debug] [MainThread]: An error was encountered while trying to flush usage events
[0m17:52:22.291025 [debug] [MainThread]: Sending event: {'category': 'dbt', 'action': 'invocation', 'label': 'start', 'context': [<snowplow_tracker.self_describing_json.SelfDescribingJson object at 0x000001B90ED681A0>, <snowplow_tracker.self_describing_json.SelfDescribingJson object at 0x000001B90FBFBED0>, <snowplow_tracker.self_describing_json.SelfDescribingJson object at 0x000001B90FBFBB10>]}


============================== 17:52:22.302054 | 57f88630-c03b-4b50-a73e-4c8947ae8f90 ==============================
[0m17:52:22.302054 [info ] [MainThread]: Running with dbt=1.11.9
[0m17:52:22.303619 [debug] [MainThread]: running dbt with arguments {'static_parser': 'True', 'no_print': 'None', 'version_check': 'True', 'warn_error_options': 'WarnErrorOptionsV2(error=[], warn=[], silence=[])', 'target_path': 'None', 'printer_width': '80', 'write_json': 'True', 'empty': 'None', 'log_cache_events': 'False', 'introspect': 'True', 'cache_selected_only': 'False', 'fail_fast': 'False', 'debug': 'False', 'log_format': 'default', 'partial_parse': 'True', 'send_anonymous_usage_stats': 'True', 'quiet': 'False', 'warn_error': 'None', 'profiles_dir': 'C:\\Users\\Dario\\.dbt', 'use_colors': 'True', 'invocation_command': 'dbt debug', 'indirect_selection': 'eager', 'use_experimental_parser': 'False', 'log_path': 'logs'}
[0m17:52:22.358775 [info ] [MainThread]: dbt version: 1.11.9
[0m17:52:22.359672 [info ] [MainThread]: python version: 3.13.13
[0m17:52:22.360486 [info ] [MainThread]: python path: C:\Users\Dario\Desktop\dbt_trainings\github_repositories\dbt-student-repo-copy\.venv\Scripts\python.exe
[0m17:52:22.361263 [info ] [MainThread]: os info: Windows-11-10.0.22621-SP0
[0m17:52:22.362203 [info ] [MainThread]: Using profiles dir at C:\Users\Dario\.dbt
[0m17:52:22.362979 [info ] [MainThread]: Using profiles.yml file at C:\Users\Dario\.dbt\profiles.yml
[0m17:52:22.363745 [info ] [MainThread]: Using dbt_project.yml file at C:\Users\Dario\Desktop\dbt_trainings\github_repositories\dbt-student-repo-copy\dbt_project.yml
[0m17:52:22.364837 [info ] [MainThread]: Configuration:
[0m17:52:22.365683 [info ] [MainThread]:   profiles.yml file [[31mERROR not found[0m]
[0m17:52:22.366609 [info ] [MainThread]:   dbt_project.yml file [[31mERROR not found[0m]
[0m17:52:22.367565 [info ] [MainThread]: Required dependencies:
[0m17:52:22.368420 [debug] [MainThread]: Executing "git --help"
[0m17:52:22.572315 [debug] [MainThread]: STDOUT: "b"usage: git [-v | --version] [-h | --help] [-C <path>] [-c <name>=<value>]\n           [--exec-path[=<path>]] [--html-path] [--man-path] [--info-path]\n           [-p | --paginate | -P | --no-pager] [--no-replace-objects] [--no-lazy-fetch]\n           [--no-optional-locks] [--no-advice] [--bare] [--git-dir=<path>]\n           [--work-tree=<path>] [--namespace=<name>] [--config-env=<name>=<envvar>]\n           <command> [<args>]\n\nThese are common Git commands used in various situations:\n\nstart a working area (see also: git help tutorial)\n   clone      Clone a repository into a new directory\n   init       Create an empty Git repository or reinitialize an existing one\n\nwork on the current change (see also: git help everyday)\n   add        Add file contents to the index\n   mv         Move or rename a file, a directory, or a symlink\n   restore    Restore working tree files\n   rm         Remove files from the working tree and from the index\n\nexamine the history and state (see also: git help revisions)\n   bisect     Use binary search to find the commit that introduced a bug\n   diff       Show changes between commits, commit and working tree, etc\n   grep       Print lines matching a pattern\n   log        Show commit logs\n   show       Show various types of objects\n   status     Show the working tree status\n\ngrow, mark and tweak your common history\n   backfill   Download missing objects in a partial clone\n   branch     List, create, or delete branches\n   commit     Record changes to the repository\n   merge      Join two or more development histories together\n   rebase     Reapply commits on top of another base tip\n   reset      Reset current HEAD to the specified state\n   switch     Switch branches\n   tag        Create, list, delete or verify a tag object signed with GPG\n\ncollaborate (see also: git help workflows)\n   fetch      Download objects and refs from another repository\n   pull       Fetch from and integrate with another repository or a local branch\n   push       Update remote refs along with associated objects\n\n'git help -a' and 'git help -g' list available subcommands and some\nconcept guides. See 'git help <command>' or 'git help <concept>'\nto read about a specific subcommand or concept.\nSee 'git help git' for an overview of the system.\n""
[0m17:52:22.573311 [debug] [MainThread]: STDERR: "b''"
[0m17:52:22.574120 [info ] [MainThread]:  - git [[32mOK found[0m]

[0m17:52:22.575147 [info ] [MainThread]: Connection test skipped since no profile was found
[0m17:52:22.576214 [info ] [MainThread]: [31m2 checks failed:[0m
[0m17:52:22.577239 [info ] [MainThread]: dbt looked for a profiles.yml file in C:\Users\Dario\.dbt\profiles.yml, but did
not find one. For more information on configuring your profile, consult the
documentation:

https://docs.getdbt.com/docs/configure-your-profile


[0m17:52:22.578338 [info ] [MainThread]: Project loading failed for the following reason:
 project path <C:\Users\Dario\Desktop\dbt_trainings\github_repositories\dbt-student-repo-copy\dbt_project.yml> not found

[0m17:52:22.580931 [debug] [MainThread]: Command `dbt debug` failed at 17:52:22.580679 after 0.72 seconds
[0m17:52:22.581755 [debug] [MainThread]: Sending event: {'category': 'dbt', 'action': 'invocation', 'label': 'end', 'context': [<snowplow_tracker.self_describing_json.SelfDescribingJson object at 0x000001B910BEF5C0>, <snowplow_tracker.self_describing_json.SelfDescribingJson object at 0x000001B910C70170>, <snowplow_tracker.self_describing_json.SelfDescribingJson object at 0x000001B90FAA39B0>]}
[0m17:52:22.582570 [debug] [MainThread]: Flushing usage events
[0m17:52:24.316634 [debug] [MainThread]: An error was encountered while trying to flush usage events
[0m17:55:57.722660 [debug] [MainThread]: Sending event: {'category': 'dbt', 'action': 'invocation', 'label': 'start', 'context': [<snowplow_tracker.self_describing_json.SelfDescribingJson object at 0x00000221E0A981A0>, <snowplow_tracker.self_describing_json.SelfDescribingJson object at 0x00000221E28FBED0>, <snowplow_tracker.self_describing_json.SelfDescribingJson object at 0x00000221E28FBC50>]}


============================== 17:55:57.736165 | b980ccd9-ec03-4874-bbc9-7913e480a8ea ==============================
[0m17:55:57.736165 [info ] [MainThread]: Running with dbt=1.11.9
[0m17:55:57.738288 [debug] [MainThread]: running dbt with arguments {'static_parser': 'True', 'no_print': 'None', 'version_check': 'True', 'warn_error_options': 'WarnErrorOptionsV2(error=[], warn=[], silence=[])', 'target_path': 'None', 'printer_width': '80', 'write_json': 'True', 'empty': 'False', 'log_cache_events': 'False', 'introspect': 'True', 'cache_selected_only': 'False', 'fail_fast': 'False', 'debug': 'False', 'log_format': 'default', 'profiles_dir': '.', 'send_anonymous_usage_stats': 'True', 'quiet': 'False', 'warn_error': 'None', 'partial_parse': 'True', 'indirect_selection': 'eager', 'use_colors': 'True', 'invocation_command': 'dbt run --profiles-dir . --select src_hosts', 'use_experimental_parser': 'False', 'log_path': 'logs'}
[0m17:55:57.739667 [error] [MainThread]: Encountered an error:
Runtime Error
  No dbt_project.yml found at expected path C:\Users\Dario\Desktop\dbt_trainings\github_repositories\dbt-student-repo-copy\dbt_project.yml
  Verify that each entry within packages.yml (and their transitive dependencies) contains a file named dbt_project.yml
  
[0m17:55:57.742939 [debug] [MainThread]: Command `dbt run` failed at 17:55:57.742571 after 0.40 seconds
[0m17:55:57.744160 [debug] [MainThread]: Sending event: {'category': 'dbt', 'action': 'invocation', 'label': 'end', 'context': [<snowplow_tracker.self_describing_json.SelfDescribingJson object at 0x00000221E290F5C0>, <snowplow_tracker.self_describing_json.SelfDescribingJson object at 0x00000221E2A04170>, <snowplow_tracker.self_describing_json.SelfDescribingJson object at 0x00000221E29B1260>]}
[0m17:55:57.745253 [debug] [MainThread]: Flushing usage events
[0m17:55:59.328044 [debug] [MainThread]: An error was encountered while trying to flush usage events
[0m18:06:32.519634 [debug] [MainThread]: Sending event: {'category': 'dbt', 'action': 'invocation', 'label': 'start', 'context': [<snowplow_tracker.self_describing_json.SelfDescribingJson object at 0x0000022EFC2781A0>, <snowplow_tracker.self_describing_json.SelfDescribingJson object at 0x0000022EFD10BED0>, <snowplow_tracker.self_describing_json.SelfDescribingJson object at 0x0000022EFD10BC50>]}


============================== 18:06:32.533860 | b1a2a216-d11d-41f0-9493-04957a3a7ab6 ==============================
[0m18:06:32.533860 [info ] [MainThread]: Running with dbt=1.11.9
[0m18:06:32.536248 [debug] [MainThread]: running dbt with arguments {'static_parser': 'True', 'no_print': 'None', 'version_check': 'True', 'warn_error_options': 'WarnErrorOptionsV2(error=[], warn=[], silence=[])', 'target_path': 'None', 'printer_width': '80', 'write_json': 'True', 'empty': 'False', 'log_cache_events': 'False', 'introspect': 'True', 'cache_selected_only': 'False', 'fail_fast': 'False', 'debug': 'False', 'log_format': 'default', 'profiles_dir': '.', 'send_anonymous_usage_stats': 'True', 'quiet': 'False', 'warn_error': 'None', 'partial_parse': 'True', 'use_colors': 'True', 'invocation_command': 'dbt run --profiles-dir . --select src_hosts', 'indirect_selection': 'eager', 'use_experimental_parser': 'False', 'log_path': 'logs'}
[0m18:06:32.537835 [error] [MainThread]: Encountered an error:
Runtime Error
  No dbt_project.yml found at expected path C:\Users\Dario\Desktop\dbt_trainings\github_repositories\dbt-student-repo-copy\dbt_project.yml
  Verify that each entry within packages.yml (and their transitive dependencies) contains a file named dbt_project.yml
  
[0m18:06:32.541578 [debug] [MainThread]: Command `dbt run` failed at 18:06:32.541184 after 0.52 seconds
[0m18:06:32.543057 [debug] [MainThread]: Sending event: {'category': 'dbt', 'action': 'invocation', 'label': 'end', 'context': [<snowplow_tracker.self_describing_json.SelfDescribingJson object at 0x0000022EFE0EF5C0>, <snowplow_tracker.self_describing_json.SelfDescribingJson object at 0x0000022EFE1E4170>, <snowplow_tracker.self_describing_json.SelfDescribingJson object at 0x0000022EFE191260>]}
[0m18:06:32.544292 [debug] [MainThread]: Flushing usage events
[0m18:06:34.486818 [debug] [MainThread]: An error was encountered while trying to flush usage events
[0m18:09:10.001375 [debug] [MainThread]: Sending event: {'category': 'dbt', 'action': 'invocation', 'label': 'start', 'context': [<snowplow_tracker.self_describing_json.SelfDescribingJson object at 0x000002217FEA41A0>, <snowplow_tracker.self_describing_json.SelfDescribingJson object at 0x0000022101DCBED0>, <snowplow_tracker.self_describing_json.SelfDescribingJson object at 0x0000022101DCBB10>]}


============================== 18:09:10.014075 | dcc4cd43-a9af-4b86-8087-df5acffd3696 ==============================
[0m18:09:10.014075 [info ] [MainThread]: Running with dbt=1.11.9
[0m18:09:10.016408 [debug] [MainThread]: running dbt with arguments {'static_parser': 'True', 'no_print': 'None', 'version_check': 'True', 'warn_error_options': 'WarnErrorOptionsV2(error=[], warn=[], silence=[])', 'target_path': 'None', 'printer_width': '80', 'write_json': 'True', 'introspect': 'True', 'log_cache_events': 'False', 'empty': 'None', 'cache_selected_only': 'False', 'fail_fast': 'False', 'debug': 'False', 'log_format': 'default', 'partial_parse': 'True', 'send_anonymous_usage_stats': 'True', 'quiet': 'False', 'warn_error': 'None', 'profiles_dir': 'C:\\Users\\Dario\\.dbt', 'invocation_command': 'dbt debug', 'indirect_selection': 'eager', 'use_colors': 'True', 'use_experimental_parser': 'False', 'log_path': 'logs'}
[0m18:09:10.090837 [info ] [MainThread]: dbt version: 1.11.9
[0m18:09:10.092184 [info ] [MainThread]: python version: 3.13.13
[0m18:09:10.093342 [info ] [MainThread]: python path: C:\Users\Dario\Desktop\dbt_trainings\github_repositories\dbt-student-repo-copy\.venv\Scripts\python.exe
[0m18:09:10.094508 [info ] [MainThread]: os info: Windows-11-10.0.22621-SP0
[0m18:09:10.095861 [info ] [MainThread]: Using profiles dir at C:\Users\Dario\.dbt
[0m18:09:10.097086 [info ] [MainThread]: Using profiles.yml file at C:\Users\Dario\.dbt\profiles.yml
[0m18:09:10.098740 [info ] [MainThread]: Using dbt_project.yml file at C:\Users\Dario\Desktop\dbt_trainings\github_repositories\dbt-student-repo-copy\dbt_project.yml
[0m18:09:10.100149 [info ] [MainThread]: Configuration:
[0m18:09:10.101330 [info ] [MainThread]:   profiles.yml file [[31mERROR not found[0m]
[0m18:09:10.102524 [info ] [MainThread]:   dbt_project.yml file [[31mERROR not found[0m]
[0m18:09:10.143779 [info ] [MainThread]: Required dependencies:
[0m18:09:10.179583 [debug] [MainThread]: Executing "git --help"
[0m18:09:10.425921 [debug] [MainThread]: STDOUT: "b"usage: git [-v | --version] [-h | --help] [-C <path>] [-c <name>=<value>]\n           [--exec-path[=<path>]] [--html-path] [--man-path] [--info-path]\n           [-p | --paginate | -P | --no-pager] [--no-replace-objects] [--no-lazy-fetch]\n           [--no-optional-locks] [--no-advice] [--bare] [--git-dir=<path>]\n           [--work-tree=<path>] [--namespace=<name>] [--config-env=<name>=<envvar>]\n           <command> [<args>]\n\nThese are common Git commands used in various situations:\n\nstart a working area (see also: git help tutorial)\n   clone      Clone a repository into a new directory\n   init       Create an empty Git repository or reinitialize an existing one\n\nwork on the current change (see also: git help everyday)\n   add        Add file contents to the index\n   mv         Move or rename a file, a directory, or a symlink\n   restore    Restore working tree files\n   rm         Remove files from the working tree and from the index\n\nexamine the history and state (see also: git help revisions)\n   bisect     Use binary search to find the commit that introduced a bug\n   diff       Show changes between commits, commit and working tree, etc\n   grep       Print lines matching a pattern\n   log        Show commit logs\n   show       Show various types of objects\n   status     Show the working tree status\n\ngrow, mark and tweak your common history\n   backfill   Download missing objects in a partial clone\n   branch     List, create, or delete branches\n   commit     Record changes to the repository\n   merge      Join two or more development histories together\n   rebase     Reapply commits on top of another base tip\n   reset      Reset current HEAD to the specified state\n   switch     Switch branches\n   tag        Create, list, delete or verify a tag object signed with GPG\n\ncollaborate (see also: git help workflows)\n   fetch      Download objects and refs from another repository\n   pull       Fetch from and integrate with another repository or a local branch\n   push       Update remote refs along with associated objects\n\n'git help -a' and 'git help -g' list available subcommands and some\nconcept guides. See 'git help <command>' or 'git help <concept>'\nto read about a specific subcommand or concept.\nSee 'git help git' for an overview of the system.\n""
[0m18:09:10.427075 [debug] [MainThread]: STDERR: "b''"
[0m18:09:10.428045 [info ] [MainThread]:  - git [[32mOK found[0m]

[0m18:09:10.428966 [info ] [MainThread]: Connection test skipped since no profile was found
[0m18:09:10.429998 [info ] [MainThread]: [31m2 checks failed:[0m
[0m18:09:10.431058 [info ] [MainThread]: dbt looked for a profiles.yml file in C:\Users\Dario\.dbt\profiles.yml, but did
not find one. For more information on configuring your profile, consult the
documentation:

https://docs.getdbt.com/docs/configure-your-profile


[0m18:09:10.432074 [info ] [MainThread]: Project loading failed for the following reason:
 project path <C:\Users\Dario\Desktop\dbt_trainings\github_repositories\dbt-student-repo-copy\dbt_project.yml> not found

[0m18:09:10.434858 [debug] [MainThread]: Command `dbt debug` failed at 18:09:10.434656 after 0.86 seconds
[0m18:09:10.435495 [debug] [MainThread]: Sending event: {'category': 'dbt', 'action': 'invocation', 'label': 'end', 'context': [<snowplow_tracker.self_describing_json.SelfDescribingJson object at 0x0000022102DBF5C0>, <snowplow_tracker.self_describing_json.SelfDescribingJson object at 0x0000022102E3C170>, <snowplow_tracker.self_describing_json.SelfDescribingJson object at 0x0000022101C739B0>]}
[0m18:09:10.436348 [debug] [MainThread]: Flushing usage events
[0m18:09:12.232975 [debug] [MainThread]: An error was encountered while trying to flush usage events
[0m18:10:35.946979 [debug] [MainThread]: Sending event: {'category': 'dbt', 'action': 'invocation', 'label': 'start', 'context': [<snowplow_tracker.self_describing_json.SelfDescribingJson object at 0x00000197334A81A0>, <snowplow_tracker.self_describing_json.SelfDescribingJson object at 0x000001973433BED0>, <snowplow_tracker.self_describing_json.SelfDescribingJson object at 0x000001973433BB10>]}


============================== 18:10:35.958336 | b597dd9e-c1bd-4569-a91e-62bb3f905db9 ==============================
[0m18:10:35.958336 [info ] [MainThread]: Running with dbt=1.11.9
[0m18:10:35.960326 [debug] [MainThread]: running dbt with arguments {'version_check': 'True', 'no_print': 'None', 'static_parser': 'True', 'target_path': 'None', 'warn_error_options': 'WarnErrorOptionsV2(error=[], warn=[], silence=[])', 'printer_width': '80', 'write_json': 'True', 'empty': 'None', 'log_cache_events': 'False', 'introspect': 'True', 'cache_selected_only': 'False', 'fail_fast': 'False', 'debug': 'False', 'log_format': 'default', 'partial_parse': 'True', 'send_anonymous_usage_stats': 'True', 'quiet': 'False', 'warn_error': 'None', 'profiles_dir': '.', 'invocation_command': 'dbt debug --profiles-dir .', 'indirect_selection': 'eager', 'use_colors': 'True', 'use_experimental_parser': 'False', 'log_path': 'logs'}
[0m18:10:36.036242 [info ] [MainThread]: dbt version: 1.11.9
[0m18:10:36.037778 [info ] [MainThread]: python version: 3.13.13
[0m18:10:36.039044 [info ] [MainThread]: python path: C:\Users\Dario\Desktop\dbt_trainings\github_repositories\dbt-student-repo-copy\.venv\Scripts\python.exe
[0m18:10:36.040175 [info ] [MainThread]: os info: Windows-11-10.0.22621-SP0
[0m18:10:36.041440 [info ] [MainThread]: Using profiles dir at .
[0m18:10:36.042598 [info ] [MainThread]: Using profiles.yml file at .\profiles.yml
[0m18:10:36.043869 [info ] [MainThread]: Using dbt_project.yml file at C:\Users\Dario\Desktop\dbt_trainings\github_repositories\dbt-student-repo-copy\dbt_project.yml
[0m18:10:36.045178 [info ] [MainThread]: Configuration:
[0m18:10:36.046445 [info ] [MainThread]:   profiles.yml file [[31mERROR not found[0m]
[0m18:10:36.047626 [info ] [MainThread]:   dbt_project.yml file [[31mERROR not found[0m]
[0m18:10:36.048585 [info ] [MainThread]: Required dependencies:
[0m18:10:36.049603 [debug] [MainThread]: Executing "git --help"
[0m18:10:36.247892 [debug] [MainThread]: STDOUT: "b"usage: git [-v | --version] [-h | --help] [-C <path>] [-c <name>=<value>]\n           [--exec-path[=<path>]] [--html-path] [--man-path] [--info-path]\n           [-p | --paginate | -P | --no-pager] [--no-replace-objects] [--no-lazy-fetch]\n           [--no-optional-locks] [--no-advice] [--bare] [--git-dir=<path>]\n           [--work-tree=<path>] [--namespace=<name>] [--config-env=<name>=<envvar>]\n           <command> [<args>]\n\nThese are common Git commands used in various situations:\n\nstart a working area (see also: git help tutorial)\n   clone      Clone a repository into a new directory\n   init       Create an empty Git repository or reinitialize an existing one\n\nwork on the current change (see also: git help everyday)\n   add        Add file contents to the index\n   mv         Move or rename a file, a directory, or a symlink\n   restore    Restore working tree files\n   rm         Remove files from the working tree and from the index\n\nexamine the history and state (see also: git help revisions)\n   bisect     Use binary search to find the commit that introduced a bug\n   diff       Show changes between commits, commit and working tree, etc\n   grep       Print lines matching a pattern\n   log        Show commit logs\n   show       Show various types of objects\n   status     Show the working tree status\n\ngrow, mark and tweak your common history\n   backfill   Download missing objects in a partial clone\n   branch     List, create, or delete branches\n   commit     Record changes to the repository\n   merge      Join two or more development histories together\n   rebase     Reapply commits on top of another base tip\n   reset      Reset current HEAD to the specified state\n   switch     Switch branches\n   tag        Create, list, delete or verify a tag object signed with GPG\n\ncollaborate (see also: git help workflows)\n   fetch      Download objects and refs from another repository\n   pull       Fetch from and integrate with another repository or a local branch\n   push       Update remote refs along with associated objects\n\n'git help -a' and 'git help -g' list available subcommands and some\nconcept guides. See 'git help <command>' or 'git help <concept>'\nto read about a specific subcommand or concept.\nSee 'git help git' for an overview of the system.\n""
[0m18:10:36.249008 [debug] [MainThread]: STDERR: "b''"
[0m18:10:36.249892 [info ] [MainThread]:  - git [[32mOK found[0m]

[0m18:10:36.250972 [info ] [MainThread]: Connection test skipped since no profile was found
[0m18:10:36.252084 [info ] [MainThread]: [31m2 checks failed:[0m
[0m18:10:36.253044 [info ] [MainThread]: dbt looked for a profiles.yml file in .\profiles.yml, but did
not find one. For more information on configuring your profile, consult the
documentation:

https://docs.getdbt.com/docs/configure-your-profile


[0m18:10:36.254097 [info ] [MainThread]: Project loading failed for the following reason:
 project path <C:\Users\Dario\Desktop\dbt_trainings\github_repositories\dbt-student-repo-copy\dbt_project.yml> not found

[0m18:10:36.256976 [debug] [MainThread]: Command `dbt debug` failed at 18:10:36.256678 after 0.73 seconds
[0m18:10:36.257840 [debug] [MainThread]: Sending event: {'category': 'dbt', 'action': 'invocation', 'label': 'end', 'context': [<snowplow_tracker.self_describing_json.SelfDescribingJson object at 0x000001973532F5C0>, <snowplow_tracker.self_describing_json.SelfDescribingJson object at 0x00000197353A4170>, <snowplow_tracker.self_describing_json.SelfDescribingJson object at 0x00000197341E3F00>]}
[0m18:10:36.258725 [debug] [MainThread]: Flushing usage events
[0m18:10:38.013166 [debug] [MainThread]: An error was encountered while trying to flush usage events
[0m18:22:47.951540 [debug] [MainThread]: Sending event: {'category': 'dbt', 'action': 'invocation', 'label': 'start', 'context': [<snowplow_tracker.self_describing_json.SelfDescribingJson object at 0x00000218F51B81A0>, <snowplow_tracker.self_describing_json.SelfDescribingJson object at 0x00000218F604B890>, <snowplow_tracker.self_describing_json.SelfDescribingJson object at 0x00000218F604BED0>]}


============================== 18:22:47.961319 | de0dd9ea-d4e9-4ab5-a840-e5f1116f2bae ==============================
[0m18:22:47.961319 [info ] [MainThread]: Running with dbt=1.11.9
[0m18:22:47.963142 [debug] [MainThread]: running dbt with arguments {'static_parser': 'True', 'no_print': 'None', 'version_check': 'True', 'target_path': 'None', 'warn_error_options': 'WarnErrorOptionsV2(error=[], warn=[], silence=[])', 'printer_width': '80', 'write_json': 'True', 'introspect': 'True', 'log_cache_events': 'False', 'empty': 'None', 'cache_selected_only': 'False', 'log_format': 'default', 'debug': 'False', 'fail_fast': 'False', 'partial_parse': 'True', 'send_anonymous_usage_stats': 'True', 'quiet': 'False', 'warn_error': 'None', 'profiles_dir': '.', 'indirect_selection': 'eager', 'invocation_command': 'dbt debug --profiles-dir .', 'use_colors': 'True', 'use_experimental_parser': 'False', 'log_path': 'logs'}
[0m18:22:48.028095 [info ] [MainThread]: dbt version: 1.11.9
[0m18:22:48.029216 [info ] [MainThread]: python version: 3.13.13
[0m18:22:48.030122 [info ] [MainThread]: python path: C:\Users\Dario\Desktop\dbt_trainings\github_repositories\dbt-student-repo-copy\.venv\Scripts\python.exe
[0m18:22:48.031168 [info ] [MainThread]: os info: Windows-11-10.0.22621-SP0
[0m18:22:48.033311 [info ] [MainThread]: Using profiles dir at .
[0m18:22:48.034530 [info ] [MainThread]: Using profiles.yml file at .\profiles.yml
[0m18:22:48.035722 [info ] [MainThread]: Using dbt_project.yml file at C:\Users\Dario\Desktop\dbt_trainings\github_repositories\dbt-student-repo-copy\dbt_project.yml
[0m18:22:48.037010 [info ] [MainThread]: Configuration:
[0m18:22:48.038178 [info ] [MainThread]:   profiles.yml file [[31mERROR not found[0m]
[0m18:22:48.039164 [info ] [MainThread]:   dbt_project.yml file [[31mERROR not found[0m]
[0m18:22:48.040008 [info ] [MainThread]: Required dependencies:
[0m18:22:48.041136 [debug] [MainThread]: Executing "git --help"
[0m18:22:48.286186 [debug] [MainThread]: STDOUT: "b"usage: git [-v | --version] [-h | --help] [-C <path>] [-c <name>=<value>]\n           [--exec-path[=<path>]] [--html-path] [--man-path] [--info-path]\n           [-p | --paginate | -P | --no-pager] [--no-replace-objects] [--no-lazy-fetch]\n           [--no-optional-locks] [--no-advice] [--bare] [--git-dir=<path>]\n           [--work-tree=<path>] [--namespace=<name>] [--config-env=<name>=<envvar>]\n           <command> [<args>]\n\nThese are common Git commands used in various situations:\n\nstart a working area (see also: git help tutorial)\n   clone      Clone a repository into a new directory\n   init       Create an empty Git repository or reinitialize an existing one\n\nwork on the current change (see also: git help everyday)\n   add        Add file contents to the index\n   mv         Move or rename a file, a directory, or a symlink\n   restore    Restore working tree files\n   rm         Remove files from the working tree and from the index\n\nexamine the history and state (see also: git help revisions)\n   bisect     Use binary search to find the commit that introduced a bug\n   diff       Show changes between commits, commit and working tree, etc\n   grep       Print lines matching a pattern\n   log        Show commit logs\n   show       Show various types of objects\n   status     Show the working tree status\n\ngrow, mark and tweak your common history\n   backfill   Download missing objects in a partial clone\n   branch     List, create, or delete branches\n   commit     Record changes to the repository\n   merge      Join two or more development histories together\n   rebase     Reapply commits on top of another base tip\n   reset      Reset current HEAD to the specified state\n   switch     Switch branches\n   tag        Create, list, delete or verify a tag object signed with GPG\n\ncollaborate (see also: git help workflows)\n   fetch      Download objects and refs from another repository\n   pull       Fetch from and integrate with another repository or a local branch\n   push       Update remote refs along with associated objects\n\n'git help -a' and 'git help -g' list available subcommands and some\nconcept guides. See 'git help <command>' or 'git help <concept>'\nto read about a specific subcommand or concept.\nSee 'git help git' for an overview of the system.\n""
[0m18:22:48.287386 [debug] [MainThread]: STDERR: "b''"
[0m18:22:48.288876 [info ] [MainThread]:  - git [[32mOK found[0m]

[0m18:22:48.290250 [info ] [MainThread]: Connection test skipped since no profile was found
[0m18:22:48.291552 [info ] [MainThread]: [31m2 checks failed:[0m
[0m18:22:48.292761 [info ] [MainThread]: dbt looked for a profiles.yml file in .\profiles.yml, but did
not find one. For more information on configuring your profile, consult the
documentation:

https://docs.getdbt.com/docs/configure-your-profile


[0m18:22:48.294046 [info ] [MainThread]: Project loading failed for the following reason:
 project path <C:\Users\Dario\Desktop\dbt_trainings\github_repositories\dbt-student-repo-copy\dbt_project.yml> not found

[0m18:22:48.298667 [debug] [MainThread]: Command `dbt debug` failed at 18:22:48.298138 after 1.16 seconds
[0m18:22:48.300216 [debug] [MainThread]: Sending event: {'category': 'dbt', 'action': 'invocation', 'label': 'end', 'context': [<snowplow_tracker.self_describing_json.SelfDescribingJson object at 0x00000218F703F5C0>, <snowplow_tracker.self_describing_json.SelfDescribingJson object at 0x00000218F70B4170>, <snowplow_tracker.self_describing_json.SelfDescribingJson object at 0x00000218F5EF3F00>]}
[0m18:22:48.301729 [debug] [MainThread]: Flushing usage events
[0m18:22:50.100110 [debug] [MainThread]: An error was encountered while trying to flush usage events
